{"timestamp": "2026-05-06T08:43:04.168181Z", "level": "INFO", "logger": "app.main", "message": "Prometheus metrics enabled at /metrics", "module": "main", "function": "<module>", "line": 292}
{"timestamp": "2026-05-06T08:43:04.169178Z", "level": "INFO", "logger": "app.middleware.cors", "message": "Configuring CORS middleware with 2 allowed origin(s)", "module": "cors", "function": "configure_cors", "line": 47}
{"timestamp": "2026-05-06T08:43:04.169178Z", "level": "INFO", "logger": "app.middleware.cors", "message": "  - http://localhost:5173", "module": "cors", "function": "configure_cors", "line": 51}
{"timestamp": "2026-05-06T08:43:04.169178Z", "level": "INFO", "logger": "app.middleware.cors", "message": "  - http://localhost:3000", "module": "cors", "function": "configure_cors", "line": 51}
{"timestamp": "2026-05-06T08:43:04.169178Z", "level": "INFO", "logger": "app.middleware.cors", "message": "CORS middleware configured successfully", "module": "cors", "function": "configure_cors", "line": 63}
{"timestamp": "2026-05-06T08:43:04.170178Z", "level": "INFO", "logger": "app.main", "message": "CORS middleware configured", "module": "main", "function": "<module>", "line": 300}
{"timestamp": "2026-05-06T08:43:04.172771Z", "level": "INFO", "logger": "app.main", "message": "Request logging middleware added", "module": "main", "function": "<module>", "line": 304}
{"timestamp": "2026-05-06T08:43:04.172771Z", "level": "INFO", "logger": "app.main", "message": "Rate limit middleware added: 60 requests/minute", "module": "main", "function": "<module>", "line": 312}
{"timestamp": "2026-05-06T08:43:04.172771Z", "level": "INFO", "logger": "app.main", "message": "Exception handlers registered", "module": "main", "function": "<module>", "line": 328}
{"timestamp": "2026-05-06T08:43:04.479977Z", "level": "INFO", "logger": "app.main", "message": "All routers registered", "module": "main", "function": "<module>", "line": 361}
{"timestamp": "2026-05-06T10:03:50.890289Z", "level": "INFO", "logger": "app.main", "message": "Prometheus metrics enabled at /metrics", "module": "main", "function": "<module>", "line": 293}
{"timestamp": "2026-05-06T10:03:50.890289Z", "level": "INFO", "logger": "app.middleware.cors", "message": "Configuring CORS middleware with 2 allowed origin(s)", "module": "cors", "function": "configure_cors", "line": 47}
{"timestamp": "2026-05-06T10:03:50.891293Z", "level": "INFO", "logger": "app.middleware.cors", "message": "  - http://localhost:5173", "module": "cors", "function": "configure_cors", "line": 51}
{"timestamp": "2026-05-06T10:03:50.891293Z", "level": "INFO", "logger": "app.middleware.cors", "message": "  - http://localhost:3000", "module": "cors", "function": "configure_cors", "line": 51}
{"timestamp": "2026-05-06T10:03:50.891293Z", "level": "INFO", "logger": "app.middleware.cors", "message": "CORS middleware configured successfully", "module": "cors", "function": "configure_cors", "line": 63}
{"timestamp": "2026-05-06T10:03:50.894511Z", "level": "INFO", "logger": "app.main", "message": "CORS middleware configured", "module": "main", "function": "<module>", "line": 301}
{"timestamp": "2026-05-06T10:03:50.894511Z", "level": "INFO", "logger": "app.main", "message": "Request logging middleware added", "module": "main", "function": "<module>", "line": 305}
{"timestamp": "2026-05-06T10:03:50.894511Z", "level": "INFO", "logger": "app.main", "message": "Rate limit middleware added: 60 requests/minute", "module": "main", "function": "<module>", "line": 313}
{"timestamp": "2026-05-06T10:03:50.894511Z", "level": "INFO", "logger": "app.agent.error_handlers", "message": "✓ 错误处理器注册完成", "module": "error_handlers", "function": "register_error_handlers", "line": 261}
{"timestamp": "2026-05-06T10:03:50.894511Z", "level": "INFO", "logger": "app.main", "message": "Exception handlers registered", "module": "main", "function": "<module>", "line": 332}
{"timestamp": "2026-05-06T10:03:51.198523Z", "level": "INFO", "logger": "app.main", "message": "All routers registered", "module": "main", "function": "<module>", "line": 365}
{"timestamp": "2026-05-06T10:03:51.602686Z", "level": "INFO", "logger": "app.middleware.rate_limit", "message": "Rate limit middleware initialized: 60 requests per 60 seconds (Redis: disabled)", "module": "rate_limit", "function": "__init__", "line": 86}
{"timestamp": "2026-05-06T10:03:51.604687Z", "level": "INFO", "logger": "app.middleware.logging", "message": "[REQUEST] 2cfa257a-2ade-4e6d-93d5-83f3ede3d55f POST /api/agent/result-analysis from testclient", "module": "logging", "function": "dispatch", "line": 72}
{"timestamp": "2026-05-06T10:03:51.610380Z", "level": "INFO", "logger": "app.agent.routes", "message": "收到结果分析请求，数据项数: 3", "module": "routes", "function": "analyze_result", "line": 579}
{"timestamp": "2026-05-06T10:03:51.610886Z", "level": "INFO", "logger": "app.middleware.logging", "message": "[RESPONSE] 2cfa257a-2ade-4e6d-93d5-83f3ede3d55f 200 in 6.20ms", "module": "logging", "function": "dispatch", "line": 88}
{"timestamp": "2026-05-06T10:03:51.612898Z", "level": "INFO", "logger": "httpx", "message": "HTTP Request: POST http://testserver/api/agent/result-analysis \"HTTP/1.1 200 OK\"", "module": "_client", "function": "_send_single_request", "line": 1025}
{"timestamp": "2026-05-06T10:03:51.619349Z", "level": "INFO", "logger": "app.middleware.logging", "message": "[REQUEST] 051cce34-74f9-414e-b00a-6f48e7c8c17c POST /api/agent/result-analysis from testclient", "module": "logging", "function": "dispatch", "line": 72}
{"timestamp": "2026-05-06T10:03:51.620155Z", "level": "INFO", "logger": "app.agent.routes", "message": "收到结果分析请求，数据项数: 3", "module": "routes", "function": "analyze_result", "line": 579}
{"timestamp": "2026-05-06T10:03:51.621170Z", "level": "INFO", "logger": "app.middleware.logging", "message": "[RESPONSE] 051cce34-74f9-414e-b00a-6f48e7c8c17c 200 in 1.82ms", "module": "logging", "function": "dispatch", "line": 88}
{"timestamp": "2026-05-06T10:03:51.622794Z", "level": "INFO", "logger": "httpx", "message": "HTTP Request: POST http://testserver/api/agent/result-analysis \"HTTP/1.1 200 OK\"", "module": "_client", "function": "_send_single_request", "line": 1025}
{"timestamp": "2026-05-06T10:03:51.629498Z", "level": "INFO", "logger": "app.middleware.logging", "message": "[REQUEST] 40c4153c-8119-4b9c-b48f-4017d209b3c0 POST /api/agent/result-analysis from testclient", "module": "logging", "function": "dispatch", "line": 72}
{"timestamp": "2026-05-06T10:03:51.631497Z", "level": "WARNING", "logger": "app.agent.error_handlers", "message": "请求验证失败: [{'field': 'body.result_data', 'message': 'Value error, 结果数据不能为空', 'type': 'value_error'}]", "module": "error_handlers", "function": "validation_error_handler", "line": 47}
{"timestamp": "2026-05-06T10:03:51.631497Z", "level": "INFO", "logger": "app.middleware.logging", "message": "[RESPONSE] 40c4153c-8119-4b9c-b48f-4017d209b3c0 400 in 2.00ms", "module": "logging", "function": "dispatch", "line": 88}
{"timestamp": "2026-05-06T10:03:51.633559Z", "level": "INFO", "logger": "httpx", "message": "HTTP Request: POST http://testserver/api/agent/result-analysis \"HTTP/1.1 400 Bad Request\"", "module": "_client", "function": "_send_single_request", "line": 1025}
{"timestamp": "2026-05-06T10:03:51.639480Z", "level": "INFO", "logger": "app.middleware.logging", "message": "[REQUEST] 71126658-9808-4b07-bb04-0498421d4012 POST /api/agent/result-analysis from testclient", "module": "logging", "function": "dispatch", "line": 72}
{"timestamp": "2026-05-06T10:03:51.641480Z", "level": "WARNING", "logger": "app.agent.error_handlers", "message": "请求验证失败: [{'field': 'body.result_data', 'message': 'Field required', 'type': 'missing'}]", "module": "error_handlers", "function": "validation_error_handler", "line": 47}
{"timestamp": "2026-05-06T10:03:51.641480Z", "level": "INFO", "logger": "app.middleware.logging", "message": "[RESPONSE] 71126658-9808-4b07-bb04-0498421d4012 400 in 2.00ms", "module": "logging", "function": "dispatch", "line": 88}
{"timestamp": "2026-05-06T10:03:51.643480Z", "level": "INFO", "logger": "httpx", "message": "HTTP Request: POST http://testserver/api/agent/result-analysis \"HTTP/1.1 400 Bad Request\"", "module": "_client", "function": "_send_single_request", "line": 1025}
{"timestamp": "2026-05-06T10:03:51.780106Z", "level": "INFO", "logger": "app.middleware.logging", "message": "[REQUEST] a058ed50-d1de-4f72-ab1e-8fb00d8d93fb POST /api/agent/result-analysis from testclient", "module": "logging", "function": "dispatch", "line": 72}
{"timestamp": "2026-05-06T10:03:51.781612Z", "level": "INFO", "logger": "app.agent.routes", "message": "收到结果分析请求，数据项数: 1", "module": "routes", "function": "analyze_result", "line": 579}
{"timestamp": "2026-05-06T10:03:51.782619Z", "level": "INFO", "logger": "app.middleware.logging", "message": "[RESPONSE] a058ed50-d1de-4f72-ab1e-8fb00d8d93fb 200 in 2.51ms", "module": "logging", "function": "dispatch", "line": 88}
{"timestamp": "2026-05-06T10:03:51.784316Z", "level": "INFO", "logger": "httpx", "message": "HTTP Request: POST http://testserver/api/agent/result-analysis \"HTTP/1.1 200 OK\"", "module": "_client", "function": "_send_single_request", "line": 1025}
{"timestamp": "2026-05-06T10:03:51.790180Z", "level": "INFO", "logger": "app.middleware.logging", "message": "[REQUEST] f8820374-bdc9-464c-9639-b9549742e404 POST /api/agent/result-analysis from testclient", "module": "logging", "function": "dispatch", "line": 72}
{"timestamp": "2026-05-06T10:03:51.791815Z", "level": "INFO", "logger": "app.agent.routes", "message": "收到结果分析请求，数据项数: 5", "module": "routes", "function": "analyze_result", "line": 579}
{"timestamp": "2026-05-06T10:03:51.792466Z", "level": "INFO", "logger": "app.middleware.logging", "message": "[RESPONSE] f8820374-bdc9-464c-9639-b9549742e404 200 in 1.64ms", "module": "logging", "function": "dispatch", "line": 88}
{"timestamp": "2026-05-06T10:03:51.793977Z", "level": "INFO", "logger": "httpx", "message": "HTTP Request: POST http://testserver/api/agent/result-analysis \"HTTP/1.1 200 OK\"", "module": "_client", "function": "_send_single_request", "line": 1025}
{"timestamp": "2026-05-06T10:04:22.225913Z", "level": "INFO", "logger": "app.main", "message": "Prometheus metrics enabled at /metrics", "module": "main", "function": "<module>", "line": 293}
{"timestamp": "2026-05-06T10:04:22.226909Z", "level": "INFO", "logger": "app.middleware.cors", "message": "Configuring CORS middleware with 2 allowed origin(s)", "module": "cors", "function": "configure_cors", "line": 47}
{"timestamp": "2026-05-06T10:04:22.226909Z", "level": "INFO", "logger": "app.middleware.cors", "message": "  - http://localhost:5173", "module": "cors", "function": "configure_cors", "line": 51}
{"timestamp": "2026-05-06T10:04:22.226909Z", "level": "INFO", "logger": "app.middleware.cors", "message": "  - http://localhost:3000", "module": "cors", "function": "configure_cors", "line": 51}
{"timestamp": "2026-05-06T10:04:22.226909Z", "level": "INFO", "logger": "app.middleware.cors", "message": "CORS middleware configured successfully", "module": "cors", "function": "configure_cors", "line": 63}
{"timestamp": "2026-05-06T10:04:22.229720Z", "level": "INFO", "logger": "app.main", "message": "CORS middleware configured", "module": "main", "function": "<module>", "line": 301}
{"timestamp": "2026-05-06T10:04:22.229720Z", "level": "INFO", "logger": "app.main", "message": "Request logging middleware added", "module": "main", "function": "<module>", "line": 305}
{"timestamp": "2026-05-06T10:04:22.230724Z", "level": "INFO", "logger": "app.main", "message": "Rate limit middleware added: 60 requests/minute", "module": "main", "function": "<module>", "line": 313}
{"timestamp": "2026-05-06T10:04:22.230724Z", "level": "INFO", "logger": "app.agent.error_handlers", "message": "✓ 错误处理器注册完成", "module": "error_handlers", "function": "register_error_handlers", "line": 261}
{"timestamp": "2026-05-06T10:04:22.230724Z", "level": "INFO", "logger": "app.main", "message": "Exception handlers registered", "module": "main", "function": "<module>", "line": 332}
{"timestamp": "2026-05-06T10:04:22.531798Z", "level": "INFO", "logger": "app.main", "message": "All routers registered", "module": "main", "function": "<module>", "line": 365}
{"timestamp": "2026-05-06T10:04:22.903196Z", "level": "INFO", "logger": "app.middleware.rate_limit", "message": "Rate limit middleware initialized: 60 requests per 60 seconds (Redis: disabled)", "module": "rate_limit", "function": "__init__", "line": 86}
{"timestamp": "2026-05-06T10:04:22.904197Z", "level": "INFO", "logger": "app.middleware.logging", "message": "[REQUEST] a3358fe7-2885-486f-a8e4-f62072b54ee8 POST /api/agent/result-analysis from testclient", "module": "logging", "function": "dispatch", "line": 72}
{"timestamp": "2026-05-06T10:04:22.909728Z", "level": "INFO", "logger": "app.agent.routes", "message": "收到结果分析请求，数据项数: 3", "module": "routes", "function": "analyze_result", "line": 579}
{"timestamp": "2026-05-06T10:04:22.909728Z", "level": "INFO", "logger": "app.middleware.logging", "message": "[RESPONSE] a3358fe7-2885-486f-a8e4-f62072b54ee8 200 in 5.53ms", "module": "logging", "function": "dispatch", "line": 88}
{"timestamp": "2026-05-06T10:04:22.911728Z", "level": "INFO", "logger": "httpx", "message": "HTTP Request: POST http://testserver/api/agent/result-analysis \"HTTP/1.1 200 OK\"", "module": "_client", "function": "_send_single_request", "line": 1025}
{"timestamp": "2026-05-06T10:04:22.917911Z", "level": "INFO", "logger": "app.middleware.logging", "message": "[REQUEST] ca8f147e-9c96-40c9-84f5-1781e9e5411c POST /api/agent/result-analysis from testclient", "module": "logging", "function": "dispatch", "line": 72}
{"timestamp": "2026-05-06T10:04:22.919925Z", "level": "INFO", "logger": "app.agent.routes", "message": "收到结果分析请求，数据项数: 3", "module": "routes", "function": "analyze_result", "line": 579}
{"timestamp": "2026-05-06T10:04:22.920900Z", "level": "INFO", "logger": "app.middleware.logging", "message": "[RESPONSE] ca8f147e-9c96-40c9-84f5-1781e9e5411c 200 in 2.48ms", "module": "logging", "function": "dispatch", "line": 88}
{"timestamp": "2026-05-06T10:04:22.921908Z", "level": "INFO", "logger": "httpx", "message": "HTTP Request: POST http://testserver/api/agent/result-analysis \"HTTP/1.1 200 OK\"", "module": "_client", "function": "_send_single_request", "line": 1025}
{"timestamp": "2026-05-06T10:04:22.927925Z", "level": "INFO", "logger": "app.middleware.logging", "message": "[REQUEST] 624e782f-3dda-439d-aabf-10305c95198a POST /api/agent/result-analysis from testclient", "module": "logging", "function": "dispatch", "line": 72}
{"timestamp": "2026-05-06T10:04:22.929437Z", "level": "WARNING", "logger": "app.agent.error_handlers", "message": "请求验证失败: [{'field': 'body.result_data', 'message': 'Value error, 结果数据不能为空', 'type': 'value_error'}]", "module": "error_handlers", "function": "validation_error_handler", "line": 47}
{"timestamp": "2026-05-06T10:04:22.929437Z", "level": "INFO", "logger": "app.middleware.logging", "message": "[RESPONSE] 624e782f-3dda-439d-aabf-10305c95198a 400 in 1.51ms", "module": "logging", "function": "dispatch", "line": 88}
{"timestamp": "2026-05-06T10:04:22.931507Z", "level": "INFO", "logger": "httpx", "message": "HTTP Request: POST http://testserver/api/agent/result-analysis \"HTTP/1.1 400 Bad Request\"", "module": "_client", "function": "_send_single_request", "line": 1025}
{"timestamp": "2026-05-06T10:04:22.937643Z", "level": "INFO", "logger": "app.middleware.logging", "message": "[REQUEST] b5881a15-7033-431a-9434-397819583af9 POST /api/agent/result-analysis from testclient", "module": "logging", "function": "dispatch", "line": 72}
{"timestamp": "2026-05-06T10:04:22.939313Z", "level": "WARNING", "logger": "app.agent.error_handlers", "message": "请求验证失败: [{'field': 'body.result_data', 'message': 'Field required', 'type': 'missing'}]", "module": "error_handlers", "function": "validation_error_handler", "line": 47}
{"timestamp": "2026-05-06T10:04:22.940319Z", "level": "INFO", "logger": "app.middleware.logging", "message": "[RESPONSE] b5881a15-7033-431a-9434-397819583af9 400 in 1.67ms", "module": "logging", "function": "dispatch", "line": 88}
{"timestamp": "2026-05-06T10:04:22.941319Z", "level": "INFO", "logger": "httpx", "message": "HTTP Request: POST http://testserver/api/agent/result-analysis \"HTTP/1.1 400 Bad Request\"", "module": "_client", "function": "_send_single_request", "line": 1025}
{"timestamp": "2026-05-06T10:04:22.947626Z", "level": "INFO", "logger": "app.middleware.logging", "message": "[REQUEST] c1cd037c-d61a-4183-9648-03b6e2ac8fa9 POST /api/agent/result-analysis from testclient", "module": "logging", "function": "dispatch", "line": 72}
{"timestamp": "2026-05-06T10:04:22.949289Z", "level": "INFO", "logger": "app.agent.routes", "message": "收到结果分析请求，数据项数: 1", "module": "routes", "function": "analyze_result", "line": 579}
{"timestamp": "2026-05-06T10:04:22.949289Z", "level": "INFO", "logger": "app.middleware.logging", "message": "[RESPONSE] c1cd037c-d61a-4183-9648-03b6e2ac8fa9 200 in 1.66ms", "module": "logging", "function": "dispatch", "line": 88}
{"timestamp": "2026-05-06T10:04:22.951295Z", "level": "INFO", "logger": "httpx", "message": "HTTP Request: POST http://testserver/api/agent/result-analysis \"HTTP/1.1 200 OK\"", "module": "_client", "function": "_send_single_request", "line": 1025}
{"timestamp": "2026-05-06T10:04:22.957683Z", "level": "INFO", "logger": "app.middleware.logging", "message": "[REQUEST] fe32271e-bb8f-42eb-8b90-888281d86049 POST /api/agent/result-analysis from testclient", "module": "logging", "function": "dispatch", "line": 72}
{"timestamp": "2026-05-06T10:04:22.959283Z", "level": "INFO", "logger": "app.agent.routes", "message": "收到结果分析请求，数据项数: 5", "module": "routes", "function": "analyze_result", "line": 579}
{"timestamp": "2026-05-06T10:04:22.959283Z", "level": "INFO", "logger": "app.middleware.logging", "message": "[RESPONSE] fe32271e-bb8f-42eb-8b90-888281d86049 200 in 1.60ms", "module": "logging", "function": "dispatch", "line": 88}
{"timestamp": "2026-05-06T10:04:22.961288Z", "level": "INFO", "logger": "httpx", "message": "HTTP Request: POST http://testserver/api/agent/result-analysis \"HTTP/1.1 200 OK\"", "module": "_client", "function": "_send_single_request", "line": 1025}
